2026-06-24 16:03:47,194 [INFO] Bot6 started for DEMO_NSE | Bars: 376
2026-06-24 16:03:47,195 [INFO] ENTRY FILL | DEMO_NSE SHORT x99 @ 2500.72 | Time=09:17:00 | SL=2508.22 | TP=2490.72
2026-06-24 16:03:47,196 [INFO] TRADE CLOSED | DEMO_NSE SHORT x99 | Entry=2500.72 Exit=2504.89 | PnL=-413.05 | Reason=TRAILING_SL
2026-06-24 16:03:47,197 [INFO] ENTRY FILL | DEMO_NSE SHORT x100 @ 2493.16 | Time=09:35:00 | SL=2500.64 | TP=2483.19
2026-06-24 16:03:47,197 [INFO] TRADE CLOSED | DEMO_NSE SHORT x100 | Entry=2493.16 Exit=2499.40 | PnL=-623.58 | Reason=TRAILING_SL
2026-06-24 16:03:47,199 [INFO] ENTRY FILL | DEMO_NSE SHORT x100 @ 2492.78 | Time=09:53:00 | SL=2500.26 | TP=2482.81
2026-06-24 16:03:47,200 [INFO] TRADE CLOSED | DEMO_NSE SHORT x100 | Entry=2492.78 Exit=2482.81 | PnL=+997.11 | Reason=TARGET_HIT
2026-06-24 16:03:47,201 [INFO] ENTRY FILL | DEMO_NSE LONG x99 @ 2507.13 | Time=10:11:00 | SL=2499.61 | TP=2517.16
2026-06-24 16:03:47,202 [INFO] TRADE CLOSED | DEMO_NSE LONG x99 | Entry=2507.13 Exit=2506.36 | PnL=-76.40 | Reason=TRAILING_SL
2026-06-24 16:03:47,205 [INFO] ENTRY FILL | DEMO_NSE LONG x98 @ 2525.68 | Time=11:12:00 | SL=2518.10 | TP=2535.78
2026-06-24 16:03:47,205 [INFO] TRADE CLOSED | DEMO_NSE LONG x98 | Entry=2525.68 Exit=2521.90 | PnL=-370.29 | Reason=TRAILING_SL
2026-06-24 16:03:47,205 [INFO] ENTRY FILL | DEMO_NSE LONG x98 @ 2525.63 | Time=11:14:00 | SL=2518.05 | TP=2535.73
2026-06-24 16:03:47,206 [INFO] TRADE CLOSED | DEMO_NSE LONG x98 | Entry=2525.63 Exit=2524.59 | PnL=-101.58 | Reason=TRAILING_SL
2026-06-24 16:03:47,207 [INFO] ENTRY FILL | DEMO_NSE SHORT x99 @ 2521.39 | Time=11:45:00 | SL=2528.95 | TP=2511.30
2026-06-24 16:03:47,208 [INFO] TRADE CLOSED | DEMO_NSE SHORT x99 | Entry=2521.39 Exit=2523.54 | PnL=-212.65 | Reason=TRAILING_SL
2026-06-24 16:03:47,208 [INFO] ENTRY FILL | DEMO_NSE LONG x98 @ 2527.57 | Time=12:01:00 | SL=2519.99 | TP=2537.68
2026-06-24 16:03:47,209 [INFO] TRADE CLOSED | DEMO_NSE LONG x98 | Entry=2527.57 Exit=2537.68 | PnL=+990.81 | Reason=TARGET_HIT
2026-06-24 16:03:47,211 [INFO] ENTRY FILL | DEMO_NSE LONG x98 @ 2533.27 | Time=12:40:00 | SL=2525.67 | TP=2543.40
2026-06-24 16:03:47,211 [INFO] TRADE CLOSED | DEMO_NSE LONG x98 | Entry=2533.27 Exit=2529.79 | PnL=-341.26 | Reason=TRAILING_SL
2026-06-24 16:03:47,211 [INFO] ENTRY FILL | DEMO_NSE LONG x98 @ 2534.50 | Time=12:44:00 | SL=2526.90 | TP=2544.64
2026-06-24 16:03:47,212 [INFO] TRADE CLOSED | DEMO_NSE LONG x98 | Entry=2534.50 Exit=2544.64 | PnL=+993.52 | Reason=TARGET_HIT
2026-06-24 16:03:47,213 [INFO] ENTRY FILL | DEMO_NSE SHORT x98 @ 2527.41 | Time=13:16:00 | SL=2534.99 | TP=2517.30
2026-06-24 16:03:47,214 [INFO] TRADE CLOSED | DEMO_NSE SHORT x98 | Entry=2527.41 Exit=2525.18 | PnL=+218.26 | Reason=TRAILING_SL
2026-06-24 16:03:47,220 [INFO] Bot6 finished for DEMO_NSE | Trades: 11
2026-06-24 16:04:12,085 [INFO] Bot6 started for DEMO_NSE | Bars: 376
2026-06-24 16:04:12,086 [INFO] ENTRY FILL | DEMO_NSE SHORT x99 @ 2500.72 | Time=09:17:00 | SL=2508.22 | TP=2490.72
2026-06-24 16:04:12,087 [INFO] TRADE CLOSED | DEMO_NSE SHORT x99 | Entry=2500.72 Exit=2504.89 | PnL=-413.05 | Reason=TRAILING_SL
2026-06-24 16:04:12,088 [INFO] ENTRY FILL | DEMO_NSE SHORT x100 @ 2493.16 | Time=09:35:00 | SL=2500.64 | TP=2483.19
2026-06-24 16:04:12,088 [INFO] TRADE CLOSED | DEMO_NSE SHORT x100 | Entry=2493.16 Exit=2499.40 | PnL=-623.58 | Reason=TRAILING_SL
2026-06-24 16:04:12,088 [INFO] ENTRY FILL | DEMO_NSE SHORT x100 @ 2492.78 | Time=09:53:00 | SL=2500.26 | TP=2482.81
2026-06-24 16:04:12,089 [INFO] TRADE CLOSED | DEMO_NSE SHORT x100 | Entry=2492.78 Exit=2482.81 | PnL=+997.11 | Reason=TARGET_HIT
2026-06-24 16:04:12,090 [INFO] ENTRY FILL | DEMO_NSE LONG x99 @ 2507.13 | Time=10:11:00 | SL=2499.61 | TP=2517.16
2026-06-24 16:04:12,090 [INFO] TRADE CLOSED | DEMO_NSE LONG x99 | Entry=2507.13 Exit=2506.36 | PnL=-76.40 | Reason=TRAILING_SL
2026-06-24 16:04:12,093 [INFO] ENTRY FILL | DEMO_NSE LONG x98 @ 2525.68 | Time=11:12:00 | SL=2518.10 | TP=2535.78
2026-06-24 16:04:12,093 [INFO] TRADE CLOSED | DEMO_NSE LONG x98 | Entry=2525.68 Exit=2521.90 | PnL=-370.29 | Reason=TRAILING_SL
2026-06-24 16:04:12,094 [INFO] ENTRY FILL | DEMO_NSE LONG x98 @ 2525.63 | Time=11:14:00 | SL=2518.05 | TP=2535.73
2026-06-24 16:04:12,094 [INFO] TRADE CLOSED | DEMO_NSE LONG x98 | Entry=2525.63 Exit=2524.59 | PnL=-101.58 | Reason=TRAILING_SL
2026-06-24 16:04:12,096 [INFO] ENTRY FILL | DEMO_NSE SHORT x99 @ 2521.39 | Time=11:45:00 | SL=2528.95 | TP=2511.30
2026-06-24 16:04:12,096 [INFO] TRADE CLOSED | DEMO_NSE SHORT x99 | Entry=2521.39 Exit=2523.54 | PnL=-212.65 | Reason=TRAILING_SL
2026-06-24 16:04:12,097 [INFO] ENTRY FILL | DEMO_NSE LONG x98 @ 2527.57 | Time=12:01:00 | SL=2519.99 | TP=2537.68
2026-06-24 16:04:12,097 [INFO] TRADE CLOSED | DEMO_NSE LONG x98 | Entry=2527.57 Exit=2537.68 | PnL=+990.81 | Reason=TARGET_HIT
2026-06-24 16:04:12,099 [INFO] ENTRY FILL | DEMO_NSE LONG x98 @ 2533.27 | Time=12:40:00 | SL=2525.67 | TP=2543.40
2026-06-24 16:04:12,100 [INFO] TRADE CLOSED | DEMO_NSE LONG x98 | Entry=2533.27 Exit=2529.79 | PnL=-341.26 | Reason=TRAILING_SL
2026-06-24 16:04:12,101 [INFO] ENTRY FILL | DEMO_NSE LONG x98 @ 2534.50 | Time=12:44:00 | SL=2526.90 | TP=2544.64
2026-06-24 16:04:12,101 [INFO] TRADE CLOSED | DEMO_NSE LONG x98 | Entry=2534.50 Exit=2544.64 | PnL=+993.52 | Reason=TARGET_HIT
2026-06-24 16:04:12,103 [INFO] ENTRY FILL | DEMO_NSE SHORT x98 @ 2527.41 | Time=13:16:00 | SL=2534.99 | TP=2517.30
2026-06-24 16:04:12,103 [INFO] TRADE CLOSED | DEMO_NSE SHORT x98 | Entry=2527.41 Exit=2525.18 | PnL=+218.26 | Reason=TRAILING_SL
2026-06-24 16:04:12,109 [INFO] Bot6 finished for DEMO_NSE | Trades: 11
2026-06-24 16:28:32,101 [INFO] Bot6 started for DEMO_NSE | Bars: 376
2026-06-24 16:28:32,102 [INFO] ENTRY FILL | DEMO_NSE SHORT x99 @ 2500.72 | Time=09:17:00 | SL=2508.22 | TP=2475.71
2026-06-24 16:28:32,103 [INFO] TRADE CLOSED | DEMO_NSE SHORT x99 | Entry=2500.72 Exit=2508.22 | PnL=-742.71 | Reason=INITIAL_SL
2026-06-24 16:28:32,103 [INFO] ENTRY FILL | DEMO_NSE SHORT x100 @ 2493.16 | Time=09:35:00 | SL=2500.64 | TP=2468.23
2026-06-24 16:28:32,104 [INFO] TRADE CLOSED | DEMO_NSE SHORT x100 | Entry=2493.16 Exit=2500.64 | PnL=-747.95 | Reason=INITIAL_SL
2026-06-24 16:28:32,105 [INFO] ENTRY FILL | DEMO_NSE SHORT x100 @ 2492.78 | Time=09:53:00 | SL=2500.26 | TP=2467.85
2026-06-24 16:28:32,105 [INFO] TRADE CLOSED | DEMO_NSE SHORT x100 | Entry=2492.78 Exit=2489.80 | PnL=+298.30 | Reason=TRAILING_SL
2026-06-24 16:28:32,107 [INFO] ENTRY FILL | DEMO_NSE LONG x99 @ 2507.13 | Time=10:11:00 | SL=2499.61 | TP=2532.20
2026-06-24 16:28:32,107 [INFO] TRADE CLOSED | DEMO_NSE LONG x99 | Entry=2507.13 Exit=2499.61 | PnL=-744.62 | Reason=INITIAL_SL
2026-06-24 16:28:32,109 [INFO] ENTRY FILL | DEMO_NSE LONG x98 @ 2525.68 | Time=11:12:00 | SL=2518.10 | TP=2550.94
2026-06-24 16:28:32,110 [INFO] TRADE CLOSED | DEMO_NSE LONG x98 | Entry=2525.68 Exit=2527.17 | PnL=+145.60 | Reason=TRAILING_SL
2026-06-24 16:28:32,111 [INFO] ENTRY FILL | DEMO_NSE SHORT x99 @ 2521.39 | Time=11:45:00 | SL=2528.95 | TP=2496.18
2026-06-24 16:28:32,112 [INFO] TRADE CLOSED | DEMO_NSE SHORT x99 | Entry=2521.39 Exit=2528.95 | PnL=-748.85 | Reason=INITIAL_SL
2026-06-24 16:28:32,113 [INFO] ENTRY FILL | DEMO_NSE LONG x98 @ 2527.57 | Time=12:01:00 | SL=2519.99 | TP=2552.85
2026-06-24 16:28:32,113 [INFO] TRADE CLOSED | DEMO_NSE LONG x98 | Entry=2527.57 Exit=2532.07 | PnL=+441.09 | Reason=TRAILING_SL
2026-06-24 16:28:32,115 [INFO] ENTRY FILL | DEMO_NSE LONG x98 @ 2533.27 | Time=12:40:00 | SL=2525.67 | TP=2558.60
2026-06-24 16:28:32,115 [INFO] TRADE CLOSED | DEMO_NSE LONG x98 | Entry=2533.27 Exit=2533.27 | PnL=+0.00 | Reason=TRAILING_SL
2026-06-24 16:28:32,115 [INFO] ENTRY FILL | DEMO_NSE LONG x98 @ 2534.50 | Time=12:44:00 | SL=2526.90 | TP=2559.84
2026-06-24 16:28:32,116 [INFO] TRADE CLOSED | DEMO_NSE LONG x98 | Entry=2534.50 Exit=2539.26 | PnL=+466.41 | Reason=TRAILING_SL
2026-06-24 16:28:32,117 [INFO] ENTRY FILL | DEMO_NSE SHORT x98 @ 2527.41 | Time=13:16:00 | SL=2534.99 | TP=2502.14
2026-06-24 16:28:32,117 [INFO] TRADE CLOSED | DEMO_NSE SHORT x98 | Entry=2527.41 Exit=2525.18 | PnL=+218.26 | Reason=TRAILING_SL
2026-06-24 16:28:32,123 [INFO] Bot6 finished for DEMO_NSE | Trades: 10
2026-06-24 16:29:07,548 [INFO] Bot6 started for DEMO_NSE | Bars: 376
2026-06-24 16:29:07,548 [INFO] ENTRY FILL | DEMO_NSE SHORT x99 @ 2500.72 | Time=09:17:00 | SL=2508.22 | TP=2475.71
2026-06-24 16:29:07,549 [INFO] TRADE CLOSED | DEMO_NSE SHORT x99 | Entry=2500.72 Exit=2508.22 | PnL=-742.71 | Reason=INITIAL_SL
2026-06-24 16:29:07,551 [INFO] ENTRY FILL | DEMO_NSE SHORT x100 @ 2493.16 | Time=09:35:00 | SL=2500.64 | TP=2468.23
2026-06-24 16:29:07,551 [INFO] TRADE CLOSED | DEMO_NSE SHORT x100 | Entry=2493.16 Exit=2500.64 | PnL=-747.95 | Reason=INITIAL_SL
2026-06-24 16:29:07,552 [INFO] ENTRY FILL | DEMO_NSE SHORT x100 @ 2492.78 | Time=09:53:00 | SL=2500.26 | TP=2467.85
2026-06-24 16:29:07,552 [INFO] TRADE CLOSED | DEMO_NSE SHORT x100 | Entry=2492.78 Exit=2489.80 | PnL=+298.30 | Reason=TRAILING_SL
2026-06-24 16:29:07,553 [INFO] ENTRY FILL | DEMO_NSE LONG x99 @ 2507.13 | Time=10:11:00 | SL=2499.61 | TP=2532.20
2026-06-24 16:29:07,554 [INFO] TRADE CLOSED | DEMO_NSE LONG x99 | Entry=2507.13 Exit=2499.61 | PnL=-744.62 | Reason=INITIAL_SL
2026-06-24 16:29:07,556 [INFO] ENTRY FILL | DEMO_NSE LONG x98 @ 2525.68 | Time=11:12:00 | SL=2518.10 | TP=2550.94
2026-06-24 16:29:07,556 [INFO] TRADE CLOSED | DEMO_NSE LONG x98 | Entry=2525.68 Exit=2527.17 | PnL=+145.60 | Reason=TRAILING_SL
2026-06-24 16:29:07,559 [INFO] ENTRY FILL | DEMO_NSE SHORT x99 @ 2521.39 | Time=11:45:00 | SL=2528.95 | TP=2496.18
2026-06-24 16:29:07,559 [INFO] TRADE CLOSED | DEMO_NSE SHORT x99 | Entry=2521.39 Exit=2528.95 | PnL=-748.85 | Reason=INITIAL_SL
2026-06-24 16:29:07,560 [INFO] ENTRY FILL | DEMO_NSE LONG x98 @ 2527.57 | Time=12:01:00 | SL=2519.99 | TP=2552.85
2026-06-24 16:29:07,560 [INFO] TRADE CLOSED | DEMO_NSE LONG x98 | Entry=2527.57 Exit=2532.07 | PnL=+441.09 | Reason=TRAILING_SL
2026-06-24 16:29:07,563 [INFO] ENTRY FILL | DEMO_NSE LONG x98 @ 2533.27 | Time=12:40:00 | SL=2525.67 | TP=2558.60
2026-06-24 16:29:07,564 [INFO] TRADE CLOSED | DEMO_NSE LONG x98 | Entry=2533.27 Exit=2533.27 | PnL=+0.00 | Reason=TRAILING_SL
2026-06-24 16:29:07,564 [INFO] ENTRY FILL | DEMO_NSE LONG x98 @ 2534.50 | Time=12:44:00 | SL=2526.90 | TP=2559.84
2026-06-24 16:29:07,565 [INFO] TRADE CLOSED | DEMO_NSE LONG x98 | Entry=2534.50 Exit=2539.26 | PnL=+466.41 | Reason=TRAILING_SL
2026-06-24 16:29:07,566 [INFO] ENTRY FILL | DEMO_NSE SHORT x98 @ 2527.41 | Time=13:16:00 | SL=2534.99 | TP=2502.14
2026-06-24 16:29:07,567 [INFO] TRADE CLOSED | DEMO_NSE SHORT x98 | Entry=2527.41 Exit=2525.18 | PnL=+218.26 | Reason=TRAILING_SL
2026-06-24 16:29:07,572 [INFO] Bot6 finished for DEMO_NSE | Trades: 10
2026-06-24 16:29:13,817 [INFO] Bot6 started for DEMO_NSE | Bars: 376
2026-06-24 16:29:13,818 [INFO] ENTRY FILL | DEMO_NSE SHORT x99 @ 2500.72 | Time=09:17:00 | SL=2508.22 | TP=2475.71
2026-06-24 16:29:13,818 [INFO] TRADE CLOSED | DEMO_NSE SHORT x99 | Entry=2500.72 Exit=2508.22 | PnL=-742.71 | Reason=INITIAL_SL
2026-06-24 16:29:13,820 [INFO] ENTRY FILL | DEMO_NSE SHORT x100 @ 2493.16 | Time=09:35:00 | SL=2500.64 | TP=2468.23
2026-06-24 16:29:13,820 [INFO] TRADE CLOSED | DEMO_NSE SHORT x100 | Entry=2493.16 Exit=2500.64 | PnL=-747.95 | Reason=INITIAL_SL
2026-06-24 16:29:13,821 [INFO] ENTRY FILL | DEMO_NSE SHORT x100 @ 2492.78 | Time=09:53:00 | SL=2500.26 | TP=2467.85
2026-06-24 16:29:13,821 [INFO] TRADE CLOSED | DEMO_NSE SHORT x100 | Entry=2492.78 Exit=2489.80 | PnL=+298.30 | Reason=TRAILING_SL
2026-06-24 16:29:13,823 [INFO] ENTRY FILL | DEMO_NSE LONG x99 @ 2507.13 | Time=10:11:00 | SL=2499.61 | TP=2532.20
2026-06-24 16:29:13,823 [INFO] TRADE CLOSED | DEMO_NSE LONG x99 | Entry=2507.13 Exit=2499.61 | PnL=-744.62 | Reason=INITIAL_SL
2026-06-24 16:29:13,825 [INFO] ENTRY FILL | DEMO_NSE LONG x98 @ 2525.68 | Time=11:12:00 | SL=2518.10 | TP=2550.94
2026-06-24 16:29:13,826 [INFO] TRADE CLOSED | DEMO_NSE LONG x98 | Entry=2525.68 Exit=2527.17 | PnL=+145.60 | Reason=TRAILING_SL
2026-06-24 16:29:13,827 [INFO] ENTRY FILL | DEMO_NSE SHORT x99 @ 2521.39 | Time=11:45:00 | SL=2528.95 | TP=2496.18
2026-06-24 16:29:13,828 [INFO] TRADE CLOSED | DEMO_NSE SHORT x99 | Entry=2521.39 Exit=2528.95 | PnL=-748.85 | Reason=INITIAL_SL
2026-06-24 16:29:13,829 [INFO] ENTRY FILL | DEMO_NSE LONG x98 @ 2527.57 | Time=12:01:00 | SL=2519.99 | TP=2552.85
2026-06-24 16:29:13,829 [INFO] TRADE CLOSED | DEMO_NSE LONG x98 | Entry=2527.57 Exit=2532.07 | PnL=+441.09 | Reason=TRAILING_SL
2026-06-24 16:29:13,832 [INFO] ENTRY FILL | DEMO_NSE LONG x98 @ 2533.27 | Time=12:40:00 | SL=2525.67 | TP=2558.60
2026-06-24 16:29:13,832 [INFO] TRADE CLOSED | DEMO_NSE LONG x98 | Entry=2533.27 Exit=2533.27 | PnL=+0.00 | Reason=TRAILING_SL
2026-06-24 16:29:13,833 [INFO] ENTRY FILL | DEMO_NSE LONG x98 @ 2534.50 | Time=12:44:00 | SL=2526.90 | TP=2559.84
2026-06-24 16:29:13,833 [INFO] TRADE CLOSED | DEMO_NSE LONG x98 | Entry=2534.50 Exit=2539.26 | PnL=+466.41 | Reason=TRAILING_SL
2026-06-24 16:29:13,835 [INFO] ENTRY FILL | DEMO_NSE SHORT x98 @ 2527.41 | Time=13:16:00 | SL=2534.99 | TP=2502.14
2026-06-24 16:29:13,835 [INFO] TRADE CLOSED | DEMO_NSE SHORT x98 | Entry=2527.41 Exit=2525.18 | PnL=+218.26 | Reason=TRAILING_SL
2026-06-24 16:29:13,841 [INFO] Bot6 finished for DEMO_NSE | Trades: 10
2026-06-24 16:29:19,233 [INFO] Bot6 started for DEMO_NSE | Bars: 376
2026-06-24 16:29:19,234 [INFO] ENTRY FILL | DEMO_NSE SHORT x99 @ 2500.72 | Time=09:17:00 | SL=2508.22 | TP=2475.71
2026-06-24 16:29:19,235 [INFO] TRADE CLOSED | DEMO_NSE SHORT x99 | Entry=2500.72 Exit=2508.22 | PnL=-742.71 | Reason=INITIAL_SL
2026-06-24 16:29:19,236 [INFO] ENTRY FILL | DEMO_NSE SHORT x100 @ 2493.16 | Time=09:35:00 | SL=2500.64 | TP=2468.23
2026-06-24 16:29:19,236 [INFO] TRADE CLOSED | DEMO_NSE SHORT x100 | Entry=2493.16 Exit=2500.64 | PnL=-747.95 | Reason=INITIAL_SL
2026-06-24 16:29:19,237 [INFO] ENTRY FILL | DEMO_NSE SHORT x100 @ 2492.78 | Time=09:53:00 | SL=2500.26 | TP=2467.85
2026-06-24 16:29:19,238 [INFO] TRADE CLOSED | DEMO_NSE SHORT x100 | Entry=2492.78 Exit=2489.80 | PnL=+298.30 | Reason=TRAILING_SL
2026-06-24 16:29:19,238 [INFO] ENTRY FILL | DEMO_NSE LONG x99 @ 2507.13 | Time=10:11:00 | SL=2499.61 | TP=2532.20
2026-06-24 16:29:19,239 [INFO] TRADE CLOSED | DEMO_NSE LONG x99 | Entry=2507.13 Exit=2499.61 | PnL=-744.62 | Reason=INITIAL_SL
2026-06-24 16:29:19,241 [INFO] ENTRY FILL | DEMO_NSE LONG x98 @ 2525.68 | Time=11:12:00 | SL=2518.10 | TP=2550.94
2026-06-24 16:29:19,242 [INFO] TRADE CLOSED | DEMO_NSE LONG x98 | Entry=2525.68 Exit=2527.17 | PnL=+145.60 | Reason=TRAILING_SL
2026-06-24 16:29:19,243 [INFO] ENTRY FILL | DEMO_NSE SHORT x99 @ 2521.39 | Time=11:45:00 | SL=2528.95 | TP=2496.18
2026-06-24 16:29:19,244 [INFO] TRADE CLOSED | DEMO_NSE SHORT x99 | Entry=2521.39 Exit=2528.95 | PnL=-748.85 | Reason=INITIAL_SL
2026-06-24 16:29:19,244 [INFO] ENTRY FILL | DEMO_NSE LONG x98 @ 2527.57 | Time=12:01:00 | SL=2519.99 | TP=2552.85
2026-06-24 16:29:19,245 [INFO] TRADE CLOSED | DEMO_NSE LONG x98 | Entry=2527.57 Exit=2532.07 | PnL=+441.09 | Reason=TRAILING_SL
2026-06-24 16:29:19,246 [INFO] ENTRY FILL | DEMO_NSE LONG x98 @ 2533.27 | Time=12:40:00 | SL=2525.67 | TP=2558.60
2026-06-24 16:29:19,247 [INFO] TRADE CLOSED | DEMO_NSE LONG x98 | Entry=2533.27 Exit=2533.27 | PnL=+0.00 | Reason=TRAILING_SL
2026-06-24 16:29:19,248 [INFO] ENTRY FILL | DEMO_NSE LONG x98 @ 2534.50 | Time=12:44:00 | SL=2526.90 | TP=2559.84
2026-06-24 16:29:19,249 [INFO] TRADE CLOSED | DEMO_NSE LONG x98 | Entry=2534.50 Exit=2539.26 | PnL=+466.41 | Reason=TRAILING_SL
2026-06-24 16:29:19,250 [INFO] ENTRY FILL | DEMO_NSE SHORT x98 @ 2527.41 | Time=13:16:00 | SL=2534.99 | TP=2502.14
2026-06-24 16:29:19,250 [INFO] TRADE CLOSED | DEMO_NSE SHORT x98 | Entry=2527.41 Exit=2525.18 | PnL=+218.26 | Reason=TRAILING_SL
2026-06-24 16:29:19,255 [INFO] Bot6 finished for DEMO_NSE | Trades: 10
